// Jest Snapshot v1, https://goo.gl/fbAQLP

exports[`Results Component renders a plant 1`] = `<Results />`;
