// Jest Snapshot v1, https://goo.gl/fbAQLP

exports[`Login Page Component renders Login Form 1`] = `
<section
  className="LoginPage"
>
  <h2>
    Login
  </h2>
  <p>
    Log in with username: guest and password: password
  </p>
  <LoginForm
    onLoginSuccess={[Function]}
  />
</section>
`;
