// Jest Snapshot v1, https://goo.gl/fbAQLP

exports[`Quiz Component renders a question 1`] = `<Quiz />`;
